run_dir=/Users/taiwan/PROJECTS/SimplaHarness/simple_harness/.local-test-evidence/real-ui-channel/20260904T161009
=== identity bound ===
--- README before ---
# Demo Project

version: 1.1.3
[16:10:24] primary.open -> {"ok": true, "operation": "primary.open", "result": {"primary_ref": "4d5a6efc-75d1-580e-9ca4-eb2d3d4a7dc1", "receipt_ref": "40caa17f-5bb1-5d2a-8d76-d8b0fe843d4b", "receipt_hash": "a1cbfdab59a8ea311d9457dd8a684f38020f5d77001f7f876b8ff6eda6632abf"}}
[16:10:24] task_scope.create -> {"ok": true, "operation": "task_scope.create", "result": {"scope_ref": "39c8f981-8e64-5113-99b7-794adcc35865", "ref": "39c8f981-8e64-5113-99b7-794adcc35865", "revision": 1, "state_hash": "0090ad0009558f99ef2a1e2f27826d613616e3cc113507a8abf8919c45f657ac", "goal": "维护 Demo Project 的 README.md：按用户要求更新其中的 version 字段。"}}
[16:10:24] binding.append -> {"ok": true, "operation": "binding.append", "result": {"status": "bound", "scope_ref": "39c8f981-8e64-5113-99b7-794adcc35865", "binding_set_revision": 1, "receipt_ref": "eac8a7d7-980b-59de-b8be-062957c55c8b", "binding_set_receipt_ref": "eac8a7d7-980b-59de-b8be-062957c55c8b", "receipt_hash": "801e4eba1dc6df722c8aac3676228870ad8042f549045694851faa645481e4d2", "root_set_digest": "d7acbf6c7f72adb828f4
[16:10:24] README before: '# Demo Project\n\nversion: 1.1.3\n\n发布说明见 CHANGELOG。'
[16:10:24] queue.enqueue -> {"ok": true, "operation": "queue.enqueue", "result": {"turn_ref": "c7620725-0f8f-5b6a-ad5e-a5a5b38a0d22", "receipt_ref": "c7620725-0f8f-5b6a-ad5e-a5a5b38a0d22", "scope_ref": "39c8f981-8e64-5113-99b7-794adcc35865", "enqueue_sequence": 1, "content_sha256": "e63afc724d601f042f01af8332746a158fbd3b33bf21d35e9ea02d316dc8a722", "delivery_key": "prod-entry-f51bdf5c"}}
[16:10:24] 已入队，等待前台 Run 完成（观察 README 变化）…
[16:11:18] README changed -> '# Demo Project\n\nversion: 1.2.0\n\n发布说明见 CHANGELOG。'
[16:11:35] permission_response allow -> authorization:effect-bc2d6a3db04f8b130da7532… v0
[16:11:40] run reached terminal state
[16:11:40] README after: '# Demo Project\n\nversion: 1.2.0\n\n发布说明见 CHANGELOG。'
[16:11:40] 等待 analysis 落地（cognitive_memory_heads >= 1）…
[16:16:40] WARN: 等待 analysis 落地超时
=== driver rc=0 ===
--- README after ---
# Demo Project

version: 1.2.0

发布说明见 CHANGELOG。
write_file_envelope_verified: 经文件写工具完成：['edit_file']；README 终值 '# Demo Project\n\nversion: 1.2.0\n\n发布说明见 CHANGELOG。'
provider_call_count_bounded: harness.provider_invocation 事件=10；post_turn analysis attempts=1 states=['unknown']；attempt 内去重 provider_request_id=0 个 （契约：每个 committed turn group ≤1 
closure_receipt_mutate: receipts=1 outcome=mutate reason_code=model_closure
--- 业务事实 ---
terminal_state=COMPLETED
events=36
receipts=1 outcome=mutate
turn_state=SETTLED
outbox=1
links=1
memory_heads=0 type=-
  （终态与收口已成立，缺的是记忆物化 memory_heads=0 plans=0 batch=failed,failed,failed）
ORACLE business_terminal=FAIL（terminal_state=COMPLETED closure=mutate）
  → 上游 provider 故障
error_code=provider_timeout status_code=missing
