run_dir=/Users/taiwan/PROJECTS/SimplaHarness/simple_harness/.local-test-evidence/real-ui-channel/20260904T160442
=== identity bound ===
--- README before ---
# Demo Project

version: 1.1.3
[16:04:59] primary.open -> {"ok": true, "operation": "primary.open", "result": {"primary_ref": "4d5a6efc-75d1-580e-9ca4-eb2d3d4a7dc1", "receipt_ref": "40caa17f-5bb1-5d2a-8d76-d8b0fe843d4b", "receipt_hash": "c9c5eeb773ac90c59156bb3212d9253df482532a4db5fa60652e30e363113cb1"}}
[16:04:59] task_scope.create -> {"ok": true, "operation": "task_scope.create", "result": {"scope_ref": "8870ecb9-44c4-5af1-ae0e-1541f1d3934b", "ref": "8870ecb9-44c4-5af1-ae0e-1541f1d3934b", "revision": 1, "state_hash": "9a19cf57af1cfbdecfb2243978b4576496305fc5d4a65984f90d2b7c26244cd6", "goal": "维护 Demo Project 的 README.md：按用户要求更新其中的 version 字段。"}}
[16:04:59] binding.append -> {"ok": true, "operation": "binding.append", "result": {"status": "bound", "scope_ref": "8870ecb9-44c4-5af1-ae0e-1541f1d3934b", "binding_set_revision": 1, "receipt_ref": "8514fb88-218f-556f-b5c9-5e90dece83fb", "binding_set_receipt_ref": "8514fb88-218f-556f-b5c9-5e90dece83fb", "receipt_hash": "a402a8f5d86aa51cc9dac78003f8401b9eb8219b5b6b89c4b3652111bee46a31", "root_set_digest": "e57c462bdff580013356
[16:04:59] README before: '# Demo Project\n\nversion: 1.1.3\n\n发布说明见 CHANGELOG。'
[16:04:59] queue.enqueue -> {"ok": true, "operation": "queue.enqueue", "result": {"turn_ref": "8e89b597-21f3-57eb-a551-f4e999fb2bb2", "receipt_ref": "8e89b597-21f3-57eb-a551-f4e999fb2bb2", "scope_ref": "8870ecb9-44c4-5af1-ae0e-1541f1d3934b", "enqueue_sequence": 1, "content_sha256": "b06ee923faa084f8f3ed9850e500d2f9fd81ab7e8ff9a111c366fa0ba661eeff", "delivery_key": "prod-entry-ae021f83"}}
[16:04:59] 已入队，等待前台 Run 完成（观察 README 变化）…
[16:05:47] README changed -> '# Demo Project\n\nversion: 1.2.0\n\n发布说明见 CHANGELOG。'
[16:06:05] permission_response allow -> authorization:effect-a3586c7b52bffa16627b97c… v0
[16:06:14] run reached terminal state
[16:06:14] README after: '# Demo Project\n\nversion: 1.2.0\n\n发布说明见 CHANGELOG。'
[16:06:14] 等待 analysis 落地（cognitive_memory_heads >= 1）…
[16:06:40] analysis 已落地：cognitive_memory_heads=2
=== driver rc=0 ===
--- README after ---
# Demo Project

version: 1.2.0

发布说明见 CHANGELOG。
write_file_envelope_verified: 经文件写工具完成：['file_write']；README 终值 '# Demo Project\n\nversion: 1.2.0\n\n发布说明见 CHANGELOG。'
provider_call_count_bounded: harness.provider_invocation 事件=9；post_turn analysis attempts=1 states=['succeeded']；attempt 内去重 provider_request_id=0 个 （契约：每个 committed turn group ≤1
closure_receipt_mutate: receipts=1 outcome=mutate reason_code=model_closure
--- 业务事实 ---
terminal_state=COMPLETED
events=29
receipts=1 outcome=mutate
turn_state=SETTLED
outbox=1
links=1
memory_heads=2 type=episode
ORACLE readme_mutated=PASS
