run_dir=/Users/taiwan/PROJECTS/SimplaHarness/simple_harness/.local-test-evidence/real-ui-channel/20260904T160705
=== identity bound ===
--- README before ---
# Demo Project

version: 1.1.3
[16:07:19] primary.open -> {"ok": true, "operation": "primary.open", "result": {"primary_ref": "4d5a6efc-75d1-580e-9ca4-eb2d3d4a7dc1", "receipt_ref": "40caa17f-5bb1-5d2a-8d76-d8b0fe843d4b", "receipt_hash": "84417b45d8957b8aea041a8083a778a6456e60c46206e8086c496afb00e1f33a"}}
[16:07:19] task_scope.create -> {"ok": true, "operation": "task_scope.create", "result": {"scope_ref": "197668ad-ddfc-51bf-a903-6a4f1f31869f", "ref": "197668ad-ddfc-51bf-a903-6a4f1f31869f", "revision": 1, "state_hash": "ccdd2cb908f9c70ea92f41995c06883de01692c3ef62da54d12dbb0ba66f60a6", "goal": "维护 Demo Project 的 README.md：按用户要求更新其中的 version 字段。"}}
[16:07:19] binding.append -> {"ok": true, "operation": "binding.append", "result": {"status": "bound", "scope_ref": "197668ad-ddfc-51bf-a903-6a4f1f31869f", "binding_set_revision": 1, "receipt_ref": "6ebed173-d1bd-5f38-8664-f0584cb01763", "binding_set_receipt_ref": "6ebed173-d1bd-5f38-8664-f0584cb01763", "receipt_hash": "4c509938ec198f00d87310a27ca4a5fae94c43a98c6ec7293a215f8fea4a9a42", "root_set_digest": "ac490f195e07c69d104d
[16:07:19] README before: '# Demo Project\n\nversion: 1.1.3\n\n发布说明见 CHANGELOG。'
[16:07:20] queue.enqueue -> {"ok": true, "operation": "queue.enqueue", "result": {"turn_ref": "f65f27eb-5240-5d00-965d-dada96e35fea", "receipt_ref": "f65f27eb-5240-5d00-965d-dada96e35fea", "scope_ref": "197668ad-ddfc-51bf-a903-6a4f1f31869f", "enqueue_sequence": 1, "content_sha256": "2b172cf355c1493a8f4bcd8de72d47ecfdbf25dd9d6f2acb87044fc052c0926f", "delivery_key": "prod-entry-66231ec1"}}
[16:07:20] 已入队，等待前台 Run 完成（观察 README 变化）…
[16:08:24] README changed -> '# Demo Project\n\nversion: 1.2.0\n\n发布说明见 CHANGELOG。'
[16:08:56] permission_response allow -> authorization:effect-d3b45b9138ab9255661fb5c… v0
[16:09:04] run reached terminal state
[16:09:04] README after: '# Demo Project\n\nversion: 1.2.0\n\n发布说明见 CHANGELOG。'
[16:09:04] 等待 analysis 落地（cognitive_memory_heads >= 1）…
[16:09:44] analysis 已落地：cognitive_memory_heads=2
=== driver rc=0 ===
--- README after ---
# Demo Project

version: 1.2.0

发布说明见 CHANGELOG。
write_file_envelope_verified: 经文件写工具完成：['edit_file']；README 终值 '# Demo Project\n\nversion: 1.2.0\n\n发布说明见 CHANGELOG。'
provider_call_count_bounded: harness.provider_invocation 事件=12；post_turn analysis attempts=1 states=['succeeded']；attempt 内去重 provider_request_id=0 个 （契约：每个 committed turn group ≤
closure_receipt_mutate: receipts=1 outcome=mutate reason_code=model_closure
--- 业务事实 ---
terminal_state=COMPLETED
events=38
receipts=1 outcome=mutate
turn_state=SETTLED
outbox=1
links=1
memory_heads=2 type=episode
ORACLE readme_mutated=PASS
