run_dir=/Users/taiwan/PROJECTS/SimplaHarness/simple_harness/.local-test-evidence/real-ui-channel/20260905T003411
=== identity bound ===
--- README before ---
# Demo Project

version: 1.1.3
[00:34:26] primary.open -> {"ok": true, "operation": "primary.open", "result": {"primary_ref": "4d5a6efc-75d1-580e-9ca4-eb2d3d4a7dc1", "receipt_ref": "40caa17f-5bb1-5d2a-8d76-d8b0fe843d4b", "receipt_hash": "866d8abf2bbe330d7d145790ba72b7d6b72460d89bfec86c3aa399d143f5c478"}}
[00:34:26] task_scope.create -> {"ok": true, "operation": "task_scope.create", "result": {"scope_ref": "d6837fab-92a5-5c4c-9b92-a8ab80b11737", "ref": "d6837fab-92a5-5c4c-9b92-a8ab80b11737", "revision": 1, "state_hash": "bf09c922d8e094e9bcfb158052670b2bbb0aeaca4a76677c0579d21cc5f425eb", "goal": "维护 Demo Project 的 README.md：按用户要求更新其中的 version 字段。"}}
[00:34:26] binding.append -> {"ok": true, "operation": "binding.append", "result": {"status": "bound", "scope_ref": "d6837fab-92a5-5c4c-9b92-a8ab80b11737", "binding_set_revision": 1, "receipt_ref": "1e7f75d9-4cda-594f-8338-4cff775c2ddf", "binding_set_receipt_ref": "1e7f75d9-4cda-594f-8338-4cff775c2ddf", "receipt_hash": "d6061df055b62ee99697b391078dbb7456bbf4478b3156d8d04dd87228e6611d", "root_set_digest": "49411946bd81d38d579c
[00:34:26] README before: '# Demo Project\n\nversion: 1.1.3\n\n发布说明见 CHANGELOG。'
[00:34:26] queue.enqueue -> {"ok": true, "operation": "queue.enqueue", "result": {"turn_ref": "e60a400f-cbaf-511b-80f3-3edd093441b1", "receipt_ref": "e60a400f-cbaf-511b-80f3-3edd093441b1", "scope_ref": "d6837fab-92a5-5c4c-9b92-a8ab80b11737", "enqueue_sequence": 1, "content_sha256": "2fc09aec6fa7321458c017266877e48b43b793fbf1a7ad079ee3aad224709b1e", "delivery_key": "prod-entry-2eab4f8c"}}
[00:34:26] 已入队，等待前台 Run 完成（观察 README 变化）…
[00:35:01] README changed -> '# Demo Project\n\nversion: 1.2.0\n\n发布说明见 CHANGELOG。'
[00:35:13] permission_response allow -> authorization:effect-c02cc12c37001c6bd082a30… v0
[00:35:21] run reached terminal state
[00:35:21] README after: '# Demo Project\n\nversion: 1.2.0\n\n发布说明见 CHANGELOG。'
[00:35:21] 等待 analysis 落地（cognitive_memory_heads >= 1）…
[00:36:31] analysis 已落地：cognitive_memory_heads=3
=== driver rc=0 ===
--- README after ---
# Demo Project

version: 1.2.0

发布说明见 CHANGELOG。
write_file_envelope_verified: 经文件写工具完成：['file_write']；README 终值 '# Demo Project\n\nversion: 1.2.0\n\n发布说明见 CHANGELOG。'
provider_call_count_bounded: harness.provider_invocation 事件=9；post_turn analysis attempts=1 states=['succeeded']；attempt 内去重 provider_request_id=0 个 （契约：每个 committed turn group ≤1
closure_receipt_mutate: receipts=1 outcome=mutate reason_code=model_closure
--- 业务事实 ---
terminal_state=COMPLETED
events=31
receipts=1 outcome=mutate
turn_state=SETTLED
outbox=1
links=1
memory_heads=3 type=episode
ORACLE readme_mutated=PASS
