run_dir=/Users/taiwan/PROJECTS/SimplaHarness/simple_harness/.local-test-evidence/real-ui-channel/20260905T002322
=== identity bound ===
--- README before ---
# Demo Project

version: 1.1.3
[00:23:39] primary.open -> {"ok": true, "operation": "primary.open", "result": {"primary_ref": "4d5a6efc-75d1-580e-9ca4-eb2d3d4a7dc1", "receipt_ref": "40caa17f-5bb1-5d2a-8d76-d8b0fe843d4b", "receipt_hash": "5f5c439842326cc7686d2766abc97a92eb46d002c384edb8258d78015790fafd"}}
[00:23:39] task_scope.create -> {"ok": true, "operation": "task_scope.create", "result": {"scope_ref": "60c03741-8bbc-5420-b28e-4bae1f3f85f3", "ref": "60c03741-8bbc-5420-b28e-4bae1f3f85f3", "revision": 1, "state_hash": "4206c981a6691bc2bccab29d13270237677f460860b5fa5263814a13452d9ea6", "goal": "维护 Demo Project 的 README.md：按用户要求更新其中的 version 字段。"}}
[00:23:39] binding.append -> {"ok": true, "operation": "binding.append", "result": {"status": "bound", "scope_ref": "60c03741-8bbc-5420-b28e-4bae1f3f85f3", "binding_set_revision": 1, "receipt_ref": "b6deebbd-c113-5914-bc23-d3e9a0fd278c", "binding_set_receipt_ref": "b6deebbd-c113-5914-bc23-d3e9a0fd278c", "receipt_hash": "a93fafb09003712cf9eb75c80cb91372534d8c113359c76010591c141dafa83d", "root_set_digest": "27119a3376e94c8cb846
[00:23:39] README before: '# Demo Project\n\nversion: 1.1.3\n\n发布说明见 CHANGELOG。'
[00:23:39] queue.enqueue -> {"ok": true, "operation": "queue.enqueue", "result": {"turn_ref": "cb80531a-e23c-5e2d-a298-2c6125c7b36a", "receipt_ref": "cb80531a-e23c-5e2d-a298-2c6125c7b36a", "scope_ref": "60c03741-8bbc-5420-b28e-4bae1f3f85f3", "enqueue_sequence": 1, "content_sha256": "656e00339362cfd9d317299b9c27020ff3d70e5d870458b9b5419e659e56c4cb", "delivery_key": "prod-entry-47d6feda"}}
[00:23:39] 已入队，等待前台 Run 完成（观察 README 变化）…
[00:24:18] README changed -> '# Demo Project\n\nversion: 1.2.0\n\n发布说明见 CHANGELOG。'
[00:24:32] permission_response allow -> authorization:effect-84fee4632d65cf8cff7202f… v0
[00:24:39] run reached terminal state
[00:24:39] README after: '# Demo Project\n\nversion: 1.2.0\n\n发布说明见 CHANGELOG。'
[00:24:39] 等待 analysis 落地（cognitive_memory_heads >= 1）…
[00:25:15] analysis 已落地：cognitive_memory_heads=2
=== driver rc=0 ===
--- README after ---
# Demo Project

version: 1.2.0

发布说明见 CHANGELOG。
write_file_envelope_verified: 经文件写工具完成：['edit_file']；README 终值 '# Demo Project\n\nversion: 1.2.0\n\n发布说明见 CHANGELOG。'
provider_call_count_bounded: harness.provider_invocation 事件=10；post_turn analysis attempts=1 states=['succeeded']；attempt 内去重 provider_request_id=0 个 （契约：每个 committed turn group ≤
closure_receipt_mutate: receipts=1 outcome=mutate reason_code=model_closure
--- 业务事实 ---
terminal_state=COMPLETED
events=34
receipts=1 outcome=mutate
turn_state=SETTLED
outbox=1
links=1
memory_heads=2 type=episode
ORACLE readme_mutated=PASS
