run_dir=/Users/taiwan/PROJECTS/SimplaHarness/simple_harness/.local-test-evidence/real-ui-channel/20260904T005440
=== identity bound ===
--- README before ---
# Demo Project

version: 1.1.3
[00:54:55] primary.open -> {"ok": true, "operation": "primary.open", "result": {"primary_ref": "4d5a6efc-75d1-580e-9ca4-eb2d3d4a7dc1", "receipt_ref": "40caa17f-5bb1-5d2a-8d76-d8b0fe843d4b", "receipt_hash": "def8dfbe81a1763e1a1376fc8fa4fe6037ad3911f901062fd5deedb0d1faf095"}}
[00:54:55] task_scope.create -> {"ok": true, "operation": "task_scope.create", "result": {"scope_ref": "ca731354-ed8c-5ef9-b582-c15d8f701648", "ref": "ca731354-ed8c-5ef9-b582-c15d8f701648", "revision": 1, "state_hash": "6c5551057cac9f83b0a4af61c28b29b4a84089f5e5656a334103ef63eff0985a", "goal": "维护 Demo Project 的 README.md：按用户要求更新其中的 version 字段。"}}
[00:54:55] binding.append -> {"ok": true, "operation": "binding.append", "result": {"status": "bound", "scope_ref": "ca731354-ed8c-5ef9-b582-c15d8f701648", "binding_set_revision": 1, "receipt_ref": "011d4abc-243d-5663-92c2-cff15a010f6b", "binding_set_receipt_ref": "011d4abc-243d-5663-92c2-cff15a010f6b", "receipt_hash": "fa5ac7ec25f519f8b8a86f6e1708e2855663dc82fc203f378b62d2841acf6cdc", "root_set_digest": "55d6cb41df6621558566
[00:54:55] README before: '# Demo Project\n\nversion: 1.1.3\n\n发布说明见 CHANGELOG。'
[00:54:55] queue.enqueue -> {"ok": true, "operation": "queue.enqueue", "result": {"turn_ref": "8dabbfb6-02d9-517d-8a1b-6c610741b49e", "receipt_ref": "8dabbfb6-02d9-517d-8a1b-6c610741b49e", "scope_ref": "ca731354-ed8c-5ef9-b582-c15d8f701648", "enqueue_sequence": 1, "content_sha256": "c815baacf863b72178b37bfb9a49394424ace85991101d0df99859204c90773c", "delivery_key": "prod-entry-08b75810"}}
[00:54:55] 已入队，等待前台 Run 完成（观察 README 变化）…
[00:55:37] permission_response allow -> authorization:effect-e1685b3d18fc9c197835204… v0
[00:56:42] README changed -> '# Demo Project\n\nversion: 1.2.0\n\n发布说明见 CHANGELOG。'
[00:56:48] permission_response allow -> authorization:effect-2fc1653600d2b6a4a4077ae… v0
[00:56:55] permission_response allow -> authorization:effect-1aac0071b50e59b60275838… v0
[00:57:04] permission_response allow -> authorization:effect-89db3ede9693da93fea158c… v0
[01:01:55] TIMEOUT: README 未变化
[01:01:55] README after: '# Demo Project\n\nversion: 1.2.0\n\n发布说明见 CHANGELOG。'
=== driver rc=0 ===
--- README after ---
# Demo Project

version: 1.2.0

发布说明见 CHANGELOG。
--- 业务事实 ---
terminal_state=COMPLETED
events=48
receipts=1 outcome=mutate
turn_state=SETTLED
outbox=1
links=1
memory_heads=1 type=episode
ORACLE readme_mutated=PASS
