run_dir=/Users/taiwan/PROJECTS/SimplaHarness/simple_harness/.local-test-evidence/real-ui-channel/20260904T142434
=== identity bound ===
--- README before ---
# Demo Project

version: 1.1.3
[14:24:49] primary.open -> {"ok": true, "operation": "primary.open", "result": {"primary_ref": "4d5a6efc-75d1-580e-9ca4-eb2d3d4a7dc1", "receipt_ref": "40caa17f-5bb1-5d2a-8d76-d8b0fe843d4b", "receipt_hash": "d20af7efd0f5c1175021470edfe2b9f0e505b1ae974762d016d923257562c813"}}
[14:24:49] task_scope.create -> {"ok": true, "operation": "task_scope.create", "result": {"scope_ref": "d87349c6-eb7c-53ce-9081-89c8a3d6d68d", "ref": "d87349c6-eb7c-53ce-9081-89c8a3d6d68d", "revision": 1, "state_hash": "e69e6b7e64803fe9bd7ffd33476d1e8201aebe5f56e8c1b74f589a4c4d29d42e", "goal": "维护 Demo Project 的 README.md：按用户要求更新其中的 version 字段。"}}
[14:24:49] binding.append -> {"ok": true, "operation": "binding.append", "result": {"status": "bound", "scope_ref": "d87349c6-eb7c-53ce-9081-89c8a3d6d68d", "binding_set_revision": 1, "receipt_ref": "f38288eb-6b50-5ebf-a837-232cdb216af5", "binding_set_receipt_ref": "f38288eb-6b50-5ebf-a837-232cdb216af5", "receipt_hash": "37719d972ee6ecf6e3678c045b270e0b631262c766c95bd93f1f7e9c71890a4f", "root_set_digest": "98ad705dc47c0e3b0cef
[14:24:49] README before: '# Demo Project\n\nversion: 1.1.3\n\n发布说明见 CHANGELOG。'
[14:24:49] queue.enqueue -> {"ok": true, "operation": "queue.enqueue", "result": {"turn_ref": "4cb007db-a417-5cd8-9630-67f7d6c3abc9", "receipt_ref": "4cb007db-a417-5cd8-9630-67f7d6c3abc9", "scope_ref": "d87349c6-eb7c-53ce-9081-89c8a3d6d68d", "enqueue_sequence": 1, "content_sha256": "c275373a23113f1329726851389d7696c86e24e0018ad489546dcefdd5c8472f", "delivery_key": "prod-entry-064b9e04"}}
[14:24:49] 已入队，等待前台 Run 完成（观察 README 变化）…
[14:25:36] README changed -> '# Demo Project\n\nversion: 1.2.0\n\n发布说明见 CHANGELOG。'
[14:26:00] permission_response allow -> authorization:effect-45ae5260a2cd5f47c4e2206… v0
[14:26:05] run reached terminal state
[14:26:05] README after: '# Demo Project\n\nversion: 1.2.0\n\n发布说明见 CHANGELOG。'
[14:26:05] 等待 analysis 落地（cognitive_memory_heads >= 1）…
[14:26:44] analysis 已落地：cognitive_memory_heads=3
=== driver rc=0 ===
--- README after ---
# Demo Project

version: 1.2.0

发布说明见 CHANGELOG。
write_file_envelope_verified: 经文件写工具完成：['file_write']；README 终值 '# Demo Project\n\nversion: 1.2.0\n\n发布说明见 CHANGELOG。'
provider_call_count_bounded: harness.provider_invocation 事件=10；post_turn analysis attempts=1 states=['succeeded']；attempt 内去重 provider_request_id=0 个 （契约：每个 committed turn group ≤
closure_receipt_mutate: receipts=1 outcome=mutate reason_code=model_closure
--- 业务事实 ---
terminal_state=COMPLETED
events=34
receipts=1 outcome=mutate
turn_state=SETTLED
outbox=1
links=1
memory_heads=3 type=episode
ORACLE readme_mutated=PASS
