run_dir=/Users/taiwan/PROJECTS/SimplaHarness/simple_harness/.local-test-evidence/real-ui-channel/20260904T010206
=== identity bound ===
--- README before ---
# Demo Project

version: 1.1.3
[01:02:20] primary.open -> {"ok": true, "operation": "primary.open", "result": {"primary_ref": "4d5a6efc-75d1-580e-9ca4-eb2d3d4a7dc1", "receipt_ref": "40caa17f-5bb1-5d2a-8d76-d8b0fe843d4b", "receipt_hash": "541a34606e6ec7152d17e68bac63fcdb610f35e5a3c29c31f8f331dd6b2fdf14"}}
[01:02:20] task_scope.create -> {"ok": true, "operation": "task_scope.create", "result": {"scope_ref": "45b1c1c1-6e48-5f57-b952-08782aba3c33", "ref": "45b1c1c1-6e48-5f57-b952-08782aba3c33", "revision": 1, "state_hash": "49e56e4b912c9b9bc4181d68694dbe56da27d98f3106f835265c909925974a10", "goal": "维护 Demo Project 的 README.md：按用户要求更新其中的 version 字段。"}}
[01:02:20] binding.append -> {"ok": true, "operation": "binding.append", "result": {"status": "bound", "scope_ref": "45b1c1c1-6e48-5f57-b952-08782aba3c33", "binding_set_revision": 1, "receipt_ref": "b03e8371-e0e0-5450-90c7-aec84ecb4176", "binding_set_receipt_ref": "b03e8371-e0e0-5450-90c7-aec84ecb4176", "receipt_hash": "92d1a27e6485a0a2f4377be9e9dab10be9ac4bbbe85943f7bf5d2dba60241901", "root_set_digest": "c1704565dd099227cd6d
[01:02:20] README before: '# Demo Project\n\nversion: 1.1.3\n\n发布说明见 CHANGELOG。'
[01:02:20] queue.enqueue -> {"ok": true, "operation": "queue.enqueue", "result": {"turn_ref": "eada29ae-3a82-5077-ac2d-4edf42ef3691", "receipt_ref": "eada29ae-3a82-5077-ac2d-4edf42ef3691", "scope_ref": "45b1c1c1-6e48-5f57-b952-08782aba3c33", "enqueue_sequence": 1, "content_sha256": "015e9ee0d7299c2036dca8c82d89602bb2b5989aef1e747eb598e31e2f60ca95", "delivery_key": "prod-entry-3689d823"}}
[01:02:20] 已入队，等待前台 Run 完成（观察 README 变化）…
[01:03:02] permission_response allow -> authorization:effect-5133e787148c178f08a70ac… v0
[01:03:16] permission_response allow -> authorization:effect-8ec5ac0d37c59f1d77a7ee9… v0
[01:03:25] permission_response allow -> authorization:effect-0a06ad1aa426fe6636e2d54… v0
[01:03:26] README changed -> '# Demo Project\n\nversion: 1.2.0\n\n发布说明见 CHANGELOG。'
[01:03:33] permission_response allow -> authorization:effect-e0b65499fad6ec3cb4fc913… v0
[01:04:04] permission_response allow -> authorization:effect-513a5918c5e04ae9265b802… v0
[01:09:21] TIMEOUT: README 未变化
[01:09:21] README after: '# Demo Project\n\nversion: 1.2.0\n\n发布说明见 CHANGELOG。'
=== driver rc=0 ===
--- README after ---
# Demo Project

version: 1.2.0

发布说明见 CHANGELOG。
--- 业务事实 ---
terminal_state=COMPLETED
events=32
receipts=1 outcome=mutate
turn_state=SETTLED
outbox=1
links=1
memory_heads=1 type=episode
ORACLE readme_mutated=PASS
