run_dir=/Users/taiwan/PROJECTS/SimplaHarness/simple_harness/.local-test-evidence/real-ui-channel/20260904T142709
=== identity bound ===
--- README before ---
# Demo Project

version: 1.1.3
[14:27:23] primary.open -> {"ok": true, "operation": "primary.open", "result": {"primary_ref": "4d5a6efc-75d1-580e-9ca4-eb2d3d4a7dc1", "receipt_ref": "40caa17f-5bb1-5d2a-8d76-d8b0fe843d4b", "receipt_hash": "b556b1784f04b58fe7739c35a5fcd9e6fdbc917e3bec1b061e3aa09f9d3bce88"}}
[14:27:23] task_scope.create -> {"ok": true, "operation": "task_scope.create", "result": {"scope_ref": "89b4097f-dae9-5905-8315-b34a6b22231a", "ref": "89b4097f-dae9-5905-8315-b34a6b22231a", "revision": 1, "state_hash": "e1364c0a880f5f8aa8c8faf75972b060fcb2671388faf29fe4fde361e26a135c", "goal": "维护 Demo Project 的 README.md：按用户要求更新其中的 version 字段。"}}
[14:27:23] binding.append -> {"ok": true, "operation": "binding.append", "result": {"status": "bound", "scope_ref": "89b4097f-dae9-5905-8315-b34a6b22231a", "binding_set_revision": 1, "receipt_ref": "625b9acc-8ec5-58c1-bf37-215a4cb052df", "binding_set_receipt_ref": "625b9acc-8ec5-58c1-bf37-215a4cb052df", "receipt_hash": "e8f71e686d40c71ff7581e36689b50573ab3e94d6b5e2af3b4b3af1c7ecdc538", "root_set_digest": "1e9ff1d8483af027c118
[14:27:23] README before: '# Demo Project\n\nversion: 1.1.3\n\n发布说明见 CHANGELOG。'
[14:27:23] queue.enqueue -> {"ok": true, "operation": "queue.enqueue", "result": {"turn_ref": "6a18efdb-3528-5a47-9bb2-7c4b56140edb", "receipt_ref": "6a18efdb-3528-5a47-9bb2-7c4b56140edb", "scope_ref": "89b4097f-dae9-5905-8315-b34a6b22231a", "enqueue_sequence": 1, "content_sha256": "133df47a0bddde7af5386d87b449d873c469dfc747ec8232210ef1ab5253f0f0", "delivery_key": "prod-entry-27caa6e8"}}
[14:27:23] 已入队，等待前台 Run 完成（观察 README 变化）…
[14:28:45] README changed -> '# Demo Project\n\nversion: 1.2.0\n\n发布说明见 CHANGELOG。'
[14:29:12] permission_response allow -> authorization:effect-2fd207235e210cac9b3acd6… v0
[14:29:20] run reached terminal state
[14:29:20] README after: '# Demo Project\n\nversion: 1.2.0\n\n发布说明见 CHANGELOG。'
[14:29:20] 等待 analysis 落地（cognitive_memory_heads >= 1）…
[14:29:44] analysis 已落地：cognitive_memory_heads=2
=== driver rc=0 ===
--- README after ---
# Demo Project

version: 1.2.0

发布说明见 CHANGELOG。
write_file_envelope_verified: 经文件写工具完成：['edit_file']；README 终值 '# Demo Project\n\nversion: 1.2.0\n\n发布说明见 CHANGELOG。'
provider_call_count_bounded: harness.provider_invocation 事件=9；post_turn analysis attempts=1 states=['succeeded']；attempt 内去重 provider_request_id=0 个 （契约：每个 committed turn group ≤1
closure_receipt_mutate: receipts=1 outcome=mutate reason_code=model_closure
--- 业务事实 ---
terminal_state=COMPLETED
events=32
receipts=1 outcome=mutate
turn_state=SETTLED
outbox=1
links=1
memory_heads=2 type=episode
ORACLE readme_mutated=PASS
