run_dir=/Users/taiwan/PROJECTS/SimplaHarness/simple_harness/.local-test-evidence/real-ui-channel/20260904T003454
=== identity bound ===
--- README before ---
# Demo Project

version: 1.1.3
[00:35:08] primary.open -> {"ok": true, "operation": "primary.open", "result": {"primary_ref": "4d5a6efc-75d1-580e-9ca4-eb2d3d4a7dc1", "receipt_ref": "40caa17f-5bb1-5d2a-8d76-d8b0fe843d4b", "receipt_hash": "ab6e5c77c533f40c7dd484f6ca8f855685bf2324951199ca471d9ecd2ddafe6d"}}
[00:35:09] task_scope.create -> {"ok": true, "operation": "task_scope.create", "result": {"scope_ref": "04b65be8-31bd-5a03-9a5c-8ac95a2bfc44", "ref": "04b65be8-31bd-5a03-9a5c-8ac95a2bfc44", "revision": 1, "state_hash": "26ccc035eb5bf5a38450cf04138486a616688ed540fdcfd7dd10025b935b22ee", "goal": "维护 Demo Project 的 README.md：按用户要求更新其中的 version 字段。"}}
[00:35:09] binding.append -> {"ok": true, "operation": "binding.append", "result": {"status": "bound", "scope_ref": "04b65be8-31bd-5a03-9a5c-8ac95a2bfc44", "binding_set_revision": 1, "receipt_ref": "f82b6829-af3d-5271-b7f8-cdc23424164c", "binding_set_receipt_ref": "f82b6829-af3d-5271-b7f8-cdc23424164c", "receipt_hash": "a30f55a9c56b4e3b81324a5db05137dc4e66892e6104716350aca44ae99ec560", "root_set_digest": "b5d3f784baabc0677034
[00:35:09] README before: '# Demo Project\n\nversion: 1.1.3\n\n发布说明见 CHANGELOG。'
[00:35:09] queue.enqueue -> {"ok": true, "operation": "queue.enqueue", "result": {"turn_ref": "d7032fb0-bf6f-5c63-b59e-f87f6f52818d", "receipt_ref": "d7032fb0-bf6f-5c63-b59e-f87f6f52818d", "scope_ref": "04b65be8-31bd-5a03-9a5c-8ac95a2bfc44", "enqueue_sequence": 1, "content_sha256": "77c4ad4225d176b5de71cbe09179cee68d3a3adf1c704f4262c11dcb22ca0eb3", "delivery_key": "prod-entry-6213ecb0"}}
[00:35:09] 已入队，等待前台 Run 完成（观察 README 变化）…
[00:38:30] README changed -> '# Demo Project\n\nversion: 1.2.0\n\n发布说明见 CHANGELOG。'
[00:38:48] permission_response allow -> authorization:effect-c54456c99c334d5d5bba133… v0
[00:42:09] TIMEOUT: README 未变化
[00:42:09] README after: '# Demo Project\n\nversion: 1.2.0\n\n发布说明见 CHANGELOG。'
=== driver rc=0 ===
--- README after ---
# Demo Project

version: 1.2.0

发布说明见 CHANGELOG。
--- 业务事实 ---
terminal_state=COMPLETED
events=82
receipts=1 outcome=mutate
turn_state=SETTLED
outbox=1
links=1
memory_heads=1 type=episode
ORACLE readme_mutated=PASS
