run_dir=/Users/taiwan/PROJECTS/SimplaHarness/simple_harness/.local-test-evidence/real-ui-channel/20260904T132418
=== identity bound ===
--- README before ---
# Demo Project

version: 1.1.3
[13:24:33] primary.open -> {"ok": true, "operation": "primary.open", "result": {"primary_ref": "4d5a6efc-75d1-580e-9ca4-eb2d3d4a7dc1", "receipt_ref": "40caa17f-5bb1-5d2a-8d76-d8b0fe843d4b", "receipt_hash": "ea6da8d2f2a0f3ea9cefe78c451dd05a9668825dc518c0276c56baa50e0a6b37"}}
[13:24:33] task_scope.create -> {"ok": true, "operation": "task_scope.create", "result": {"scope_ref": "a155bda3-1b81-5646-aea2-fb098fd5f69a", "ref": "a155bda3-1b81-5646-aea2-fb098fd5f69a", "revision": 1, "state_hash": "d075667f6b6a8dbc5264c3d9e4507cd1aed79b1a27de8116c6525f2364eed9a0", "goal": "维护 Demo Project 的 README.md：按用户要求更新其中的 version 字段。"}}
[13:24:33] binding.append -> {"ok": true, "operation": "binding.append", "result": {"status": "bound", "scope_ref": "a155bda3-1b81-5646-aea2-fb098fd5f69a", "binding_set_revision": 1, "receipt_ref": "5ea10cb7-b6ba-5ca4-ba98-17c4840b7b95", "binding_set_receipt_ref": "5ea10cb7-b6ba-5ca4-ba98-17c4840b7b95", "receipt_hash": "26f17fda4bd3941b5aefb9d0e30fa8ba8cd906d928b49d0db26445433c3a1358", "root_set_digest": "a3ab5991e655fe22c553
[13:24:33] README before: '# Demo Project\n\nversion: 1.1.3\n\n发布说明见 CHANGELOG。'
[13:24:33] queue.enqueue -> {"ok": true, "operation": "queue.enqueue", "result": {"turn_ref": "0d9b1601-a09c-59eb-a80f-374394e4502f", "receipt_ref": "0d9b1601-a09c-59eb-a80f-374394e4502f", "scope_ref": "a155bda3-1b81-5646-aea2-fb098fd5f69a", "enqueue_sequence": 1, "content_sha256": "8bd2e79a30de071598fc17bdcaf813a418e1965b7dd6baa8e26e6bd39b0545a8", "delivery_key": "prod-entry-e8a58df3"}}
[13:24:33] 已入队，等待前台 Run 完成（观察 README 变化）…
[13:25:16] README changed -> '# Demo Project\n\nversion: 1.2.0\n\n发布说明见 CHANGELOG。'
[13:25:28] permission_response allow -> authorization:effect-f21705174caca50ef73c0eb… v0
[13:25:36] run reached terminal state
[13:25:36] README after: '# Demo Project\n\nversion: 1.2.0\n\n发布说明见 CHANGELOG。'
[13:25:36] 等待 analysis 落地（cognitive_memory_heads >= 1）…
[13:26:03] analysis 已落地：cognitive_memory_heads=2
=== driver rc=0 ===
--- README after ---
# Demo Project

version: 1.2.0

发布说明见 CHANGELOG。
write_file_envelope_verified: 经文件写工具完成：['file_write']；README 终值 '# Demo Project\n\nversion: 1.2.0\n\n发布说明见 CHANGELOG。'
provider_call_count_bounded: harness.provider_invocation 事件=9；post_turn analysis attempts=1 states=['succeeded']；attempt 内去重 provider_request_id=0 个 （契约：每个 committed turn group ≤1
closure_receipt_mutate: receipts=1 outcome=mutate reason_code=model_closure
--- 业务事实 ---
terminal_state=COMPLETED
events=29
receipts=1 outcome=mutate
turn_state=SETTLED
outbox=1
links=1
memory_heads=2 type=episode
ORACLE readme_mutated=PASS
