run_dir=/Users/taiwan/PROJECTS/SimplaHarness/simple_harness/.local-test-evidence/real-ui-channel/20260904T131322
=== identity bound ===
--- README before ---
# Demo Project

version: 1.1.3
[13:13:36] primary.open -> {"ok": true, "operation": "primary.open", "result": {"primary_ref": "4d5a6efc-75d1-580e-9ca4-eb2d3d4a7dc1", "receipt_ref": "40caa17f-5bb1-5d2a-8d76-d8b0fe843d4b", "receipt_hash": "298450ca22231887cf054e5ecacc5b48d45ee0c8f869bc1286efb00a3960ebab"}}
[13:13:36] task_scope.create -> {"ok": true, "operation": "task_scope.create", "result": {"scope_ref": "c4167f98-96cc-5dea-9158-9f10fb9b44d2", "ref": "c4167f98-96cc-5dea-9158-9f10fb9b44d2", "revision": 1, "state_hash": "47e3e677366f2cd4721dd7b90b8aaa0fe6cbfd389f08048288c4e624ef643eda", "goal": "维护 Demo Project 的 README.md：按用户要求更新其中的 version 字段。"}}
[13:13:36] binding.append -> {"ok": true, "operation": "binding.append", "result": {"status": "bound", "scope_ref": "c4167f98-96cc-5dea-9158-9f10fb9b44d2", "binding_set_revision": 1, "receipt_ref": "87dff4d6-2f9f-537b-9506-3542ada58d4c", "binding_set_receipt_ref": "87dff4d6-2f9f-537b-9506-3542ada58d4c", "receipt_hash": "de5e8dbab357fa00bfa7ebc93b5922240d973e4ea61493d43b6054d3527559f4", "root_set_digest": "4d4f08bc8360504c0dbc
[13:13:36] README before: '# Demo Project\n\nversion: 1.1.3\n\n发布说明见 CHANGELOG。'
[13:13:36] queue.enqueue -> {"ok": true, "operation": "queue.enqueue", "result": {"turn_ref": "7a72252a-9cfc-5815-9d35-3d0401cc19dd", "receipt_ref": "7a72252a-9cfc-5815-9d35-3d0401cc19dd", "scope_ref": "c4167f98-96cc-5dea-9158-9f10fb9b44d2", "enqueue_sequence": 1, "content_sha256": "8ef7e70cd93dadfb2667ea998b91e211cb9a232c79f4762ee9a1a6949296c8fb", "delivery_key": "prod-entry-33a43cb4"}}
[13:13:36] 已入队，等待前台 Run 完成（观察 README 变化）…
[13:14:36] README changed -> '# Demo Project\n\nversion: 1.2.0\n\n发布说明见 CHANGELOG。'
[13:14:58] permission_response allow -> authorization:effect-a22285f1039617f7958cfd0… v0
[13:15:06] run reached terminal state
[13:15:06] README after: '# Demo Project\n\nversion: 1.2.0\n\n发布说明见 CHANGELOG。'
[13:15:06] 等待 analysis 落地（cognitive_memory_heads >= 1）…
[13:15:48] analysis 已落地：cognitive_memory_heads=3
=== driver rc=0 ===
--- README after ---
# Demo Project

version: 1.2.0

发布说明见 CHANGELOG。
write_file_envelope_verified: 经文件写工具完成：['file_write']；README 终值 '# Demo Project\n\nversion: 1.2.0\n\n发布说明见 CHANGELOG。'
provider_call_count_bounded: harness.provider_invocation 事件=10；post_turn analysis attempts=1 states=['succeeded']；attempt 内去重 provider_request_id=0 个 （契约：每个 committed turn group ≤
closure_receipt_mutate: receipts=1 outcome=mutate reason_code=model_closure
--- 业务事实 ---
terminal_state=COMPLETED
events=34
receipts=1 outcome=mutate
turn_state=SETTLED
outbox=1
links=1
memory_heads=3 type=episode
ORACLE readme_mutated=PASS
