run_dir=/Users/taiwan/PROJECTS/SimplaHarness/simple_harness/.local-test-evidence/real-ui-channel/20260905T002845
=== identity bound ===
--- README before ---
# Demo Project

version: 1.1.3
[00:28:59] primary.open -> {"ok": true, "operation": "primary.open", "result": {"primary_ref": "4d5a6efc-75d1-580e-9ca4-eb2d3d4a7dc1", "receipt_ref": "40caa17f-5bb1-5d2a-8d76-d8b0fe843d4b", "receipt_hash": "317d5435ad8e4f8b056b1b64a762dc49b16b080979c83cb570bf831d60149bb7"}}
[00:28:59] task_scope.create -> {"ok": true, "operation": "task_scope.create", "result": {"scope_ref": "5a590d4e-bdf4-5722-89f9-8292b3a10532", "ref": "5a590d4e-bdf4-5722-89f9-8292b3a10532", "revision": 1, "state_hash": "bf89d0f7c975e904eb2acc1059e0f88f482253ae0eb29392affbb257273fdd83", "goal": "维护 Demo Project 的 README.md：按用户要求更新其中的 version 字段。"}}
[00:28:59] binding.append -> {"ok": true, "operation": "binding.append", "result": {"status": "bound", "scope_ref": "5a590d4e-bdf4-5722-89f9-8292b3a10532", "binding_set_revision": 1, "receipt_ref": "332a1bf0-9374-5a6a-a791-a26f22b92fae", "binding_set_receipt_ref": "332a1bf0-9374-5a6a-a791-a26f22b92fae", "receipt_hash": "71871d76054d9721b18a0b9cee88e53fb9bd2089c0765b8c2ef65ae7ed3544ea", "root_set_digest": "929ddcf0655a70a93f3f
[00:28:59] README before: '# Demo Project\n\nversion: 1.1.3\n\n发布说明见 CHANGELOG。'
[00:28:59] queue.enqueue -> {"ok": true, "operation": "queue.enqueue", "result": {"turn_ref": "6ecf264b-ed0f-5e93-8910-a6027ccb8027", "receipt_ref": "6ecf264b-ed0f-5e93-8910-a6027ccb8027", "scope_ref": "5a590d4e-bdf4-5722-89f9-8292b3a10532", "enqueue_sequence": 1, "content_sha256": "c84d44e5ce9707dde6b7e27a877e5b5564190157693b6414c34c7f85c15d1ce7", "delivery_key": "prod-entry-7a34f94e"}}
[00:28:59] 已入队，等待前台 Run 完成（观察 README 变化）…
[00:29:48] README changed -> '# Demo Project\n\nversion: 1.2.0\n\n发布说明见 CHANGELOG。'
[00:30:20] permission_response allow -> authorization:effect-c4f3bdd7cbd78ccfe9e6cb2… v0
[00:30:30] run reached terminal state
[00:30:30] README after: '# Demo Project\n\nversion: 1.2.0\n\n发布说明见 CHANGELOG。'
[00:30:30] 等待 analysis 落地（cognitive_memory_heads >= 1）…
[00:31:14] analysis 已落地：cognitive_memory_heads=3
=== driver rc=0 ===
--- README after ---
# Demo Project

version: 1.2.0

发布说明见 CHANGELOG。
write_file_envelope_verified: 经文件写工具完成：['write_file']；README 终值 '# Demo Project\n\nversion: 1.2.0\n\n发布说明见 CHANGELOG。'
provider_call_count_bounded: harness.provider_invocation 事件=10；post_turn analysis attempts=1 states=['succeeded']；attempt 内去重 provider_request_id=0 个 （契约：每个 committed turn group ≤
closure_receipt_mutate: receipts=1 outcome=mutate reason_code=model_closure
--- 业务事实 ---
terminal_state=COMPLETED
events=32
receipts=1 outcome=mutate
turn_state=SETTLED
outbox=1
links=1
memory_heads=3 type=episode
ORACLE readme_mutated=PASS
